node.exe : [31mΓ£ù[39m 
Build failed in 351ms
At line:1 char:1
+ & "C:\Program 
Files\nodejs/node.exe" 
"C:\Program 
Files\nodejs/node_mo ...
+ ~~~~~~~~~~~~~~~~~~~~~~~~
~~~~~~~~~~~~~~~~~~~~~~~~~~
~~~~~~~~~~~~~~~~~~~
    + CategoryInfo        
      : NotSpecified: (  
  [31mΓ£ù[39m Build fa   
 iled in 351ms:String)    
 [], RemoteException
    + FullyQualifiedError 
   Id : NativeCommandErr  
  or
 
[31merror during build:
[31mBuild failed with 2 
errors:

[31m[MISSING_EXPORT] 
Error:[0m "Twitter" is 
not exported by "node_modu
les/lucide-react/dist/esm/
lucide-react.js".
   [38;5;246mΓò¡[0m[38;
5;246mΓöÇ[0m[38;5;246m[
[0m src/components/layout/
Footer.jsx:3:39 
[38;5;246m][0m
   [38;5;246mΓöé[0m
 [38;5;246m3 Γöé[0m [38
;5;249mi[0m[38;5;249mm[
0m[38;5;249mp[0m[38;5;2
49mo[0m[38;5;249mr[0m[
38;5;249mt[0m[38;5;249m 
[0m[38;5;249m{[0m[38;5
;249m [0m[38;5;249mZ[0m
[38;5;249ma[0m[38;5;249
mp[0m[38;5;249m,[0m[38
;5;249m [0m[38;5;249mM[
0m[38;5;249ma[0m[38;5;2
49mp[0m[38;5;249mP[0m[
38;5;249mi[0m[38;5;249mn
[0m[38;5;249m,[0m[38;5
;249m [0m[38;5;249mB[0m
[38;5;249mo[0m[38;5;249
mo[0m[38;5;249mk[0m[38
;5;249mO[0m[38;5;249mp[
0m[38;5;249me[0m[38;5;2
49mn[0m[38;5;249m,[0m[
38;5;249m [0m[38;5;249mM
[0m[38;5;249ma[0m[38;5
;249mi[0m[38;5;249ml[0m
[38;5;249m,[0m[38;5;249
m [0mTwitter[38;5;249m,
[0m[38;5;249m [0m[38;5;
249mG[0m[38;5;249mi[0m
[38;5;249mt[0m[38;5;249m
h[0m[38;5;249mu[0m[38;
5;249mb[0m[38;5;249m [0
m[38;5;249m}[0m[38;5;24
9m [0m[38;5;249mf[0m[3
8;5;249mr[0m[38;5;249mo
[0m[38;5;249mm[0m[38;5;
249m [0m[38;5;249m"[0m
[38;5;249ml[0m[38;5;249m
u[0m[38;5;249mc[0m[38;
5;249mi[0m[38;5;249md[0
m[38;5;249me[0m[38;5;24
9m-[0m[38;5;249mr[0m[3
8;5;249me[0m[38;5;249ma
[0m[38;5;249mc[0m[38;5;
249mt[0m[38;5;249m"[0m
[38;5;249m;[0m
 [38;5;240m  Γöé[0m     
                          
        
ΓöÇΓöÇΓöÇΓö¼ΓöÇΓöÇΓöÇ  
 [38;5;240m  Γöé[0m     
                          
           
Γò░ΓöÇΓöÇΓöÇΓöÇΓöÇ 
Missing export
[38;5;246mΓöÇΓöÇΓöÇΓò»[0
m

[31m[MISSING_EXPORT] 
Error:[0m "Github" is 
not exported by "node_modu
les/lucide-react/dist/esm/
lucide-react.js".
   [38;5;246mΓò¡[0m[38;
5;246mΓöÇ[0m[38;5;246m[
[0m src/components/layout/
Footer.jsx:3:48 
[38;5;246m][0m
   [38;5;246mΓöé[0m
 [38;5;246m3 Γöé[0m [38
;5;249mi[0m[38;5;249mm[
0m[38;5;249mp[0m[38;5;2
49mo[0m[38;5;249mr[0m[
38;5;249mt[0m[38;5;249m 
[0m[38;5;249m{[0m[38;5
;249m [0m[38;5;249mZ[0m
[38;5;249ma[0m[38;5;249
mp[0m[38;5;249m,[0m[38
;5;249m [0m[38;5;249mM[
0m[38;5;249ma[0m[38;5;2
49mp[0m[38;5;249mP[0m[
38;5;249mi[0m[38;5;249mn
[0m[38;5;249m,[0m[38;5
;249m [0m[38;5;249mB[0m
[38;5;249mo[0m[38;5;249
mo[0m[38;5;249mk[0m[38
;5;249mO[0m[38;5;249mp[
0m[38;5;249me[0m[38;5;2
49mn[0m[38;5;249m,[0m[
38;5;249m [0m[38;5;249mM
[0m[38;5;249ma[0m[38;5
;249mi[0m[38;5;249ml[0m
[38;5;249m,[0m[38;5;249
m [0m[38;5;249mT[0m[38
;5;249mw[0m[38;5;249mi[
0m[38;5;249mt[0m[38;5;2
49mt[0m[38;5;249me[0m[
38;5;249mr[0m[38;5;249m,
[0m[38;5;249m 
[0mGithub[38;5;249m [0m
[38;5;249m}[0m[38;5;249
m [0m[38;5;249mf[0m[38
;5;249mr[0m[38;5;249mo[
0m[38;5;249mm[0m[38;5;2
49m [0m[38;5;249m"[0m[
38;5;249ml[0m[38;5;249mu
[0m[38;5;249mc[0m[38;5
;249mi[0m[38;5;249md[0m
[38;5;249me[0m[38;5;249
m-[0m[38;5;249mr[0m[38
;5;249me[0m[38;5;249ma[
0m[38;5;249mc[0m[38;5;2
49mt[0m[38;5;249m"[0m[
38;5;249m;[0m
 [38;5;240m  Γöé[0m     
                          
                 
ΓöÇΓöÇΓöÇΓö¼ΓöÇΓöÇ  
 [38;5;240m  Γöé[0m     
                          
                    
Γò░ΓöÇΓöÇΓöÇΓöÇ Missing 
export
[38;5;246mΓöÇΓöÇΓöÇΓò»[0
m
[31m
    at aggregateBindingErr
orsIntoJsError (file:///C:
/Users/Annanya/Desktop/Cha
rgeNet/node_modules/rolldo
wn/dist/shared/error-BLhcS
yeg.mjs:48:18)
    at 
unwrapBindingResult (file:
///C:/Users/Annanya/Deskto
p/ChargeNet/node_modules/r
olldown/dist/shared/error-
BLhcSyeg.mjs:18:128)
    at #build (file:///C:/
Users/Annanya/Desktop/Char
geNet/node_modules/rolldow
n/dist/shared/rolldown-bui
ld-CPrIX9V6.mjs:3313:34)
    at async 
buildEnvironment (file:///
C:/Users/Annanya/Desktop/C
hargeNet/node_modules/vite
/dist/node/chunks/node.js:
32939:64)
    at async Object.build 
(file:///C:/Users/Annanya/
Desktop/ChargeNet/node_mod
ules/vite/dist/node/chunks
/node.js:33361:19)
    at async 
Object.buildApp (file:///C
:/Users/Annanya/Desktop/Ch
argeNet/node_modules/vite/
dist/node/chunks/node.js:3
3358:153)
    at async 
CAC.<anonymous> (file:///C
:/Users/Annanya/Desktop/Ch
argeNet/node_modules/vite/
dist/node/cli.js:778:3) {
  errors: [Getter/Setter]
}[39m
